→ http://localhost:5173/  slug=aurora-bloom steps=70 delta=220
click /projects/aurora-bloom: true
OPEN: {"scrollWidth":5888,"wrapClientWidth":1440,"maxScroll":4448,"moveTranslateX":0,"visualAtEndPct":0,"nextRatio":"","barScaleX":0,"itemCount":6,"visibleItems":1,"title":"Aurora Bloom","previewTitle":"Meridian"}
FINAL: {"scrollWidth":5232,"wrapClientWidth":1440,"maxScroll":3792,"moveTranslateX":-88,"visualAtEndPct":2,"nextRatio":"1","barScaleX":0,"itemCount":5,"visibleItems":2,"title":"Meridian","previewTitle":"Continuum"}
stepsToReachEnd≈25, stepsEndToAdvance≈13
TRACE:
   {"s":1,"xPct":0,"r":"0","bar":0,"t":"Aurora Bloom"}
   {"s":2,"xPct":2,"r":"0","bar":0,"t":"Aurora Bloom"}
   {"s":3,"xPct":5,"r":"0","bar":0,"t":"Aurora Bloom"}
   {"s":4,"xPct":9,"r":"0","bar":0,"t":"Aurora Bloom"}
   {"s":5,"xPct":13,"r":"0","bar":0,"t":"Aurora Bloom"}
   {"s":6,"xPct":18,"r":"0","bar":0,"t":"Aurora Bloom"}
   {"s":7,"xPct":23,"r":"0","bar":0,"t":"Aurora Bloom"}
   {"s":8,"xPct":27,"r":"0","bar":0,"t":"Aurora Bloom"}
   {"s":9,"xPct":31,"r":"0","bar":0,"t":"Aurora Bloom"}
   {"s":10,"xPct":35,"r":"0","bar":0,"t":"Aurora Bloom"}
   {"s":11,"xPct":40,"r":"0","bar":0,"t":"Aurora Bloom"}
   {"s":12,"xPct":45,"r":"0","bar":0,"t":"Aurora Bloom"}
   {"s":13,"xPct":50,"r":"0","bar":0,"t":"Aurora Bloom"}
   {"s":14,"xPct":55,"r":"0","bar":0,"t":"Aurora Bloom"}
   {"s":15,"xPct":61,"r":"0","bar":0,"t":"Aurora Bloom"}
   {"s":16,"xPct":66,"r":"0","bar":0,"t":"Aurora Bloom"}
   {"s":17,"xPct":71,"r":"0","bar":0,"t":"Aurora Bloom"}
   {"s":18,"xPct":76,"r":"0","bar":0,"t":"Aurora Bloom"}
   {"s":19,"xPct":81,"r":"0","bar":0,"t":"Aurora Bloom"}
   {"s":20,"xPct":86,"r":"0","bar":0,"t":"Aurora Bloom"}
   {"s":21,"xPct":91,"r":"0","bar":0,"t":"Aurora Bloom"}
   {"s":22,"xPct":95,"r":"0","bar":0,"t":"Aurora Bloom"}
   {"s":23,"xPct":97,"r":"0","bar":0,"t":"Aurora Bloom"}
   {"s":24,"xPct":98,"r":"0","bar":0,"t":"Aurora Bloom"}
   {"s":25,"xPct":99,"r":"0","bar":0,"t":"Aurora Bloom"}
   {"s":26,"xPct":100,"r":"0","bar":0,"t":"Aurora Bloom"}
   {"s":27,"xPct":100,"r":"0","bar":0,"t":"Aurora Bloom"}
   {"s":28,"xPct":100,"r":"0.122222","bar":0.122,"t":"Aurora Bloom"}
   {"s":29,"xPct":100,"r":"0.244444","bar":0.244,"t":"Aurora Bloom"}
   {"s":30,"xPct":100,"r":"0.366667","bar":0.367,"t":"Aurora Bloom"}
   {"s":31,"xPct":100,"r":"0.488889","bar":0.489,"t":"Aurora Bloom"}
   {"s":32,"xPct":100,"r":"0.611111","bar":0.611,"t":"Aurora Bloom"}
   {"s":33,"xPct":100,"r":"0.733333","bar":0.733,"t":"Aurora Bloom"}
   {"s":34,"xPct":100,"r":"0.855556","bar":0.856,"t":"Aurora Bloom"}
   {"s":35,"xPct":100,"r":"0.977778","bar":0.978,"t":"Aurora Bloom"}
   {"s":36,"xPct":100,"r":"1","bar":1,"t":"Aurora Bloom"}
   {"s":37,"xPct":100,"r":"1","bar":1,"t":"Aurora Bloom"}
   {"s":38,"xPct":0,"r":"1","bar":0,"t":"Meridian"}
ERRORS: none
