→ http://localhost:5173/  slug=aurora-bloom steps=70 delta=220
click /projects/aurora-bloom: true
OPEN: {"scrollWidth":5888,"wrapClientWidth":1440,"maxScroll":4448,"moveTranslateX":0,"visualAtEndPct":0,"nextRatio":"","barScaleX":0,"itemCount":6,"visibleItems":1,"title":"Aurora Bloom","previewTitle":"Meridian"}
FINAL: {"scrollWidth":5888,"wrapClientWidth":1440,"maxScroll":4448,"moveTranslateX":-4448,"visualAtEndPct":100,"nextRatio":"1","barScaleX":1,"itemCount":6,"visibleItems":6,"title":"Aurora Bloom","previewTitle":"Meridian"}
stepsToReachEnd≈25, stepsEndToAdvance≈45
TRACE:
   {"s":1,"xPct":0,"r":"0","bar":0,"t":"Aurora Bloom"}
   {"s":2,"xPct":2,"r":"0","bar":0,"t":"Aurora Bloom"}
   {"s":3,"xPct":5,"r":"0","bar":0,"t":"Aurora Bloom"}
   {"s":4,"xPct":9,"r":"0","bar":0,"t":"Aurora Bloom"}
   {"s":5,"xPct":13,"r":"0","bar":0,"t":"Aurora Bloom"}
   {"s":6,"xPct":18,"r":"0","bar":0,"t":"Aurora Bloom"}
   {"s":7,"xPct":23,"r":"0","bar":0,"t":"Aurora Bloom"}
   {"s":8,"xPct":27,"r":"0","bar":0,"t":"Aurora Bloom"}
   {"s":9,"xPct":31,"r":"0","bar":0,"t":"Aurora Bloom"}
   {"s":10,"xPct":35,"r":"0","bar":0,"t":"Aurora Bloom"}
   {"s":11,"xPct":41,"r":"0","bar":0,"t":"Aurora Bloom"}
   {"s":12,"xPct":46,"r":"0","bar":0,"t":"Aurora Bloom"}
   {"s":13,"xPct":52,"r":"0","bar":0,"t":"Aurora Bloom"}
   {"s":14,"xPct":57,"r":"0","bar":0,"t":"Aurora Bloom"}
   {"s":15,"xPct":62,"r":"0","bar":0,"t":"Aurora Bloom"}
   {"s":16,"xPct":67,"r":"0","bar":0,"t":"Aurora Bloom"}
   {"s":17,"xPct":72,"r":"0","bar":0,"t":"Aurora Bloom"}
   {"s":18,"xPct":77,"r":"0","bar":0,"t":"Aurora Bloom"}
   {"s":19,"xPct":82,"r":"0","bar":0,"t":"Aurora Bloom"}
   {"s":20,"xPct":87,"r":"0","bar":0,"t":"Aurora Bloom"}
   {"s":21,"xPct":92,"r":"0","bar":0,"t":"Aurora Bloom"}
   {"s":22,"xPct":95,"r":"0","bar":0,"t":"Aurora Bloom"}
   {"s":23,"xPct":97,"r":"0","bar":0,"t":"Aurora Bloom"}
   {"s":24,"xPct":98,"r":"0","bar":0,"t":"Aurora Bloom"}
   {"s":25,"xPct":99,"r":"0","bar":0,"t":"Aurora Bloom"}
   {"s":26,"xPct":100,"r":"0","bar":0,"t":"Aurora Bloom"}
   {"s":27,"xPct":100,"r":"0","bar":0,"t":"Aurora Bloom"}
   {"s":28,"xPct":100,"r":"0.122222","bar":0.122,"t":"Aurora Bloom"}
   {"s":29,"xPct":100,"r":"0.19873","bar":0.199,"t":"Aurora Bloom"}
   {"s":30,"xPct":100,"r":"0.275238","bar":0.275,"t":"Aurora Bloom"}
   {"s":31,"xPct":100,"r":"0.122222","bar":0.122,"t":"Aurora Bloom"}
   {"s":32,"xPct":100,"r":"0.19873","bar":0.199,"t":"Aurora Bloom"}
   {"s":33,"xPct":100,"r":"0.229524","bar":0.23,"t":"Aurora Bloom"}
   {"s":34,"xPct":100,"r":"0.260317","bar":0.26,"t":"Aurora Bloom"}
   {"s":35,"xPct":100,"r":"0.291111","bar":0.291,"t":"Aurora Bloom"}
   {"s":36,"xPct":100,"r":"0.321905","bar":0.322,"t":"Aurora Bloom"}
   {"s":37,"xPct":100,"r":"0.352698","bar":0.353,"t":"Aurora Bloom"}
   {"s":38,"xPct":100,"r":"0.383492","bar":0.384,"t":"Aurora Bloom"}
   {"s":39,"xPct":100,"r":"0.414286","bar":0.414,"t":"Aurora Bloom"}
   {"s":40,"xPct":100,"r":"0.445079","bar":0.445,"t":"Aurora Bloom"}
   {"s":41,"xPct":100,"r":"0.475873","bar":0.476,"t":"Aurora Bloom"}
   {"s":42,"xPct":100,"r":"0.506667","bar":0.507,"t":"Aurora Bloom"}
   {"s":43,"xPct":100,"r":"0.263175","bar":0.263,"t":"Aurora Bloom"}
   {"s":44,"xPct":100,"r":"0.293968","bar":0.294,"t":"Aurora Bloom"}
   {"s":45,"xPct":100,"r":"0.324762","bar":0.325,"t":"Aurora Bloom"}
   {"s":46,"xPct":100,"r":"0.355556","bar":0.356,"t":"Aurora Bloom"}
   {"s":47,"xPct":100,"r":"0.386349","bar":0.386,"t":"Aurora Bloom"}
   {"s":48,"xPct":100,"r":"0.417143","bar":0.417,"t":"Aurora Bloom"}
   {"s":49,"xPct":100,"r":"0.447937","bar":0.448,"t":"Aurora Bloom"}
   {"s":50,"xPct":100,"r":"0.47873","bar":0.479,"t":"Aurora Bloom"}
   {"s":51,"xPct":100,"r":"0.509524","bar":0.509,"t":"Aurora Bloom"}
   {"s":52,"xPct":100,"r":"0.586032","bar":0.586,"t":"Aurora Bloom"}
   {"s":53,"xPct":100,"r":"0.616825","bar":0.617,"t":"Aurora Bloom"}
   {"s":54,"xPct":100,"r":"0.647619","bar":0.648,"t":"Aurora Bloom"}
   {"s":55,"xPct":100,"r":"0.678413","bar":0.678,"t":"Aurora Bloom"}
   {"s":56,"xPct":100,"r":"0.709206","bar":0.709,"t":"Aurora Bloom"}
   {"s":57,"xPct":100,"r":"0.785714","bar":0.786,"t":"Aurora Bloom"}
   {"s":58,"xPct":100,"r":"0.496508","bar":0.496,"t":"Aurora Bloom"}
   {"s":59,"xPct":100,"r":"0.573016","bar":0.573,"t":"Aurora Bloom"}
   {"s":60,"xPct":100,"r":"0.649524","bar":0.649,"t":"Aurora Bloom"}
   {"s":61,"xPct":100,"r":"0.726032","bar":0.726,"t":"Aurora Bloom"}
   {"s":62,"xPct":100,"r":"0.80254","bar":0.802,"t":"Aurora Bloom"}
   {"s":63,"xPct":100,"r":"0.879048","bar":0.879,"t":"Aurora Bloom"}
   {"s":64,"xPct":100,"r":"0.955556","bar":0.956,"t":"Aurora Bloom"}
   {"s":65,"xPct":100,"r":"0.757778","bar":0.758,"t":"Aurora Bloom"}
   {"s":66,"xPct":100,"r":"0.788571","bar":0.789,"t":"Aurora Bloom"}
   {"s":67,"xPct":100,"r":"0.865079","bar":0.865,"t":"Aurora Bloom"}
   {"s":68,"xPct":100,"r":"0.941587","bar":0.942,"t":"Aurora Bloom"}
   {"s":69,"xPct":100,"r":"1","bar":1,"t":"Aurora Bloom"}
   {"s":70,"xPct":100,"r":"1","bar":1,"t":"Aurora Bloom"}
ERRORS: none
