→ http://localhost:5173/  slug=aurora-bloom steps=70 delta=220
click /projects/aurora-bloom: true
OPEN: {"scrollWidth":5888,"wrapClientWidth":1440,"maxScroll":4448,"moveTranslateX":0,"visualAtEndPct":0,"nextRatio":"","barScaleX":0,"itemCount":6,"visibleItems":1,"title":"Aurora Bloom","previewTitle":"Meridian"}
FINAL: {"scrollWidth":5888,"wrapClientWidth":1440,"maxScroll":4448,"moveTranslateX":-4448,"visualAtEndPct":100,"nextRatio":"0.122222","barScaleX":0.122,"itemCount":6,"visibleItems":6,"title":"Aurora Bloom","previewTitle":"Meridian"}
stepsToReachEnd≈25, stepsEndToAdvance≈45
TRACE:
   {"s":1,"xPct":0,"r":"0","bar":0,"t":"Aurora Bloom"}
   {"s":2,"xPct":2,"r":"0","bar":0,"t":"Aurora Bloom"}
   {"s":3,"xPct":5,"r":"0","bar":0,"t":"Aurora Bloom"}
   {"s":4,"xPct":9,"r":"0","bar":0,"t":"Aurora Bloom"}
   {"s":5,"xPct":13,"r":"0","bar":0,"t":"Aurora Bloom"}
   {"s":6,"xPct":18,"r":"0","bar":0,"t":"Aurora Bloom"}
   {"s":7,"xPct":23,"r":"0","bar":0,"t":"Aurora Bloom"}
   {"s":8,"xPct":27,"r":"0","bar":0,"t":"Aurora Bloom"}
   {"s":9,"xPct":32,"r":"0","bar":0,"t":"Aurora Bloom"}
   {"s":10,"xPct":36,"r":"0","bar":0,"t":"Aurora Bloom"}
   {"s":11,"xPct":42,"r":"0","bar":0,"t":"Aurora Bloom"}
   {"s":12,"xPct":47,"r":"0","bar":0,"t":"Aurora Bloom"}
   {"s":13,"xPct":52,"r":"0","bar":0,"t":"Aurora Bloom"}
   {"s":14,"xPct":57,"r":"0","bar":0,"t":"Aurora Bloom"}
   {"s":15,"xPct":62,"r":"0","bar":0,"t":"Aurora Bloom"}
   {"s":16,"xPct":67,"r":"0","bar":0,"t":"Aurora Bloom"}
   {"s":17,"xPct":72,"r":"0","bar":0,"t":"Aurora Bloom"}
   {"s":18,"xPct":77,"r":"0","bar":0,"t":"Aurora Bloom"}
   {"s":19,"xPct":82,"r":"0","bar":0,"t":"Aurora Bloom"}
   {"s":20,"xPct":87,"r":"0","bar":0,"t":"Aurora Bloom"}
   {"s":21,"xPct":92,"r":"0","bar":0,"t":"Aurora Bloom"}
   {"s":22,"xPct":95,"r":"0","bar":0,"t":"Aurora Bloom"}
   {"s":23,"xPct":97,"r":"0","bar":0,"t":"Aurora Bloom"}
   {"s":24,"xPct":98,"r":"0","bar":0,"t":"Aurora Bloom"}
   {"s":25,"xPct":99,"r":"0","bar":0,"t":"Aurora Bloom"}
   {"s":26,"xPct":100,"r":"0","bar":0,"t":"Aurora Bloom"}
   {"s":27,"xPct":100,"r":"0","bar":0,"t":"Aurora Bloom"}
   {"s":28,"xPct":100,"r":"0.122222","bar":0.122,"t":"Aurora Bloom"}
   {"s":29,"xPct":100,"r":"0.244444","bar":0.244,"t":"Aurora Bloom"}
   {"s":30,"xPct":100,"r":"0.122222","bar":0.122,"t":"Aurora Bloom"}
   {"s":31,"xPct":100,"r":"0.122222","bar":0.122,"t":"Aurora Bloom"}
   {"s":32,"xPct":100,"r":"0.122222","bar":0.122,"t":"Aurora Bloom"}
   {"s":33,"xPct":100,"r":"0.122222","bar":0.122,"t":"Aurora Bloom"}
   {"s":34,"xPct":100,"r":"0.122222","bar":0.122,"t":"Aurora Bloom"}
   {"s":35,"xPct":100,"r":"0.122222","bar":0.122,"t":"Aurora Bloom"}
   {"s":36,"xPct":100,"r":"0.122222","bar":0.122,"t":"Aurora Bloom"}
   {"s":37,"xPct":100,"r":"0.122222","bar":0.122,"t":"Aurora Bloom"}
   {"s":38,"xPct":100,"r":"0.122222","bar":0.122,"t":"Aurora Bloom"}
   {"s":39,"xPct":100,"r":"0.122222","bar":0.122,"t":"Aurora Bloom"}
   {"s":40,"xPct":100,"r":"0.122222","bar":0.122,"t":"Aurora Bloom"}
   {"s":41,"xPct":100,"r":"0.122222","bar":0.122,"t":"Aurora Bloom"}
   {"s":42,"xPct":100,"r":"0.122222","bar":0.122,"t":"Aurora Bloom"}
   {"s":43,"xPct":100,"r":"0.122222","bar":0.122,"t":"Aurora Bloom"}
   {"s":44,"xPct":100,"r":"0.122222","bar":0.122,"t":"Aurora Bloom"}
   {"s":45,"xPct":100,"r":"0.122222","bar":0.122,"t":"Aurora Bloom"}
   {"s":46,"xPct":100,"r":"0.122222","bar":0.122,"t":"Aurora Bloom"}
   {"s":47,"xPct":100,"r":"0.122222","bar":0.122,"t":"Aurora Bloom"}
   {"s":48,"xPct":100,"r":"0.122222","bar":0.122,"t":"Aurora Bloom"}
   {"s":49,"xPct":100,"r":"0.122222","bar":0.122,"t":"Aurora Bloom"}
   {"s":50,"xPct":100,"r":"0.122222","bar":0.122,"t":"Aurora Bloom"}
   {"s":51,"xPct":100,"r":"0.122222","bar":0.122,"t":"Aurora Bloom"}
   {"s":52,"xPct":100,"r":"0.122222","bar":0.122,"t":"Aurora Bloom"}
   {"s":53,"xPct":100,"r":"0.122222","bar":0.122,"t":"Aurora Bloom"}
   {"s":54,"xPct":100,"r":"0.122222","bar":0.122,"t":"Aurora Bloom"}
   {"s":55,"xPct":100,"r":"0.122222","bar":0.122,"t":"Aurora Bloom"}
   {"s":56,"xPct":100,"r":"0.122222","bar":0.122,"t":"Aurora Bloom"}
   {"s":57,"xPct":100,"r":"0.122222","bar":0.122,"t":"Aurora Bloom"}
   {"s":58,"xPct":100,"r":"0.122222","bar":0.122,"t":"Aurora Bloom"}
   {"s":59,"xPct":100,"r":"0.122222","bar":0.122,"t":"Aurora Bloom"}
   {"s":60,"xPct":100,"r":"0.122222","bar":0.122,"t":"Aurora Bloom"}
   {"s":61,"xPct":100,"r":"0.122222","bar":0.122,"t":"Aurora Bloom"}
   {"s":62,"xPct":100,"r":"0.122222","bar":0.122,"t":"Aurora Bloom"}
   {"s":63,"xPct":100,"r":"0.122222","bar":0.122,"t":"Aurora Bloom"}
   {"s":64,"xPct":100,"r":"0.122222","bar":0.122,"t":"Aurora Bloom"}
   {"s":65,"xPct":100,"r":"0.122222","bar":0.122,"t":"Aurora Bloom"}
   {"s":66,"xPct":100,"r":"0.122222","bar":0.122,"t":"Aurora Bloom"}
   {"s":67,"xPct":100,"r":"0.122222","bar":0.122,"t":"Aurora Bloom"}
   {"s":68,"xPct":100,"r":"0.122222","bar":0.122,"t":"Aurora Bloom"}
   {"s":69,"xPct":100,"r":"0.122222","bar":0.122,"t":"Aurora Bloom"}
   {"s":70,"xPct":100,"r":"0.122222","bar":0.122,"t":"Aurora Bloom"}
ERRORS: none
