TILE: {"top":3541.578125,"href":"/projects/aurora-bloom"}
SHOT featured-before-hover
SHOT featured-hover
HOVER-STATE: {"mediaTransform":"matrix(1.12, 0, 0, 1.12, 0.0001, -2.8073)","nameTransform":"none","mediaFilter":"blur(0px)"}
WATCH: {"top":2789.515625,"id":"reel-watch"}
OVERLAY: {"overlayFound":true,"overlayVisible":"flex/1/visible","video":null,"lenisStopped":true}
SHOT video-overlay-open
OVERLAY-CLOSED: {"overlayVisible":"none/0","lenisStopped":false,"scrollY":2340}
SHOT video-overlay-closed
SHOT menu-open
MENU: {"found":false,"visible":null,"links":["#","#","#","#"]}
SHOT menu-closed
NEWSLETTER: {"found":true,"formAction":null}
SHOT newsletter-invalid
NEWSLETTER-INVALID: {"value":"not-an-email","msg":"Please enter a valid email.","validity":false}
SHOT newsletter-valid
NEWSLETTER-SUBMIT: {"apiStatus":"NO API CALL","apiUrl":null,"msg":"Thanks — you’re on the list."}
SCROLLNAV: {"scrollY":12800,"max":12800,"scaled":[{"cls":"word","scaleX":1},{"cls":"word","scaleX":1},{"cls":"word","scaleX":1},{"cls":"word","scaleX":1},{"cls":"word","scaleX":1},{"cls":"","scaleX":1}],"html":"<section id=\"scroll-nav\" class=\"section\" aria-label=\"Next page\">\n        <div id=\"scroll-nav-content\">\n          <div id=\"scroll-nav-cross-line\" aria-hidden=\"true\">\n            <span class=\"scroll-nav-cross\"></span>\n            <span class=\"scroll-nav-cross\"></span>\n            <span class=\"scroll-nav-cross\"></span>\n            <span class=\"scroll-nav-cross\"></span>\n            <span class=\"scroll-nav-cross\"></span>\n          </div>\n\n          <div id=\"scroll-nav-subtitle\"><span class=\"word-mask\"><span class=\"word\" style=\"translate: none; rotate: none; scale: none; transform: translate(0px, 0px);\">Next</span></span> <span class=\"word-mask\"><span class=\"word\" style=\"translate: none; rotate: none; scale: none; transform: translate(0px, 0px);\">up</span></span> </div>\n\n          <div id=\"scrol"}
BTT: null
TUNNEL@0.35: {"found":true,"opacity":"1","transform":"none","text":"Driftintoawiderworld","lines":[{"t":"Drift","transform":"matrix(1, 0, 0, 1, 0, 114.056)","opacity":"1","clipPath":"none"},{"t":"into","transform":"matrix(1, 0, 0, 1, 0, 114.056)","opacity":"1","clipPath":"none"},{"t":"a","transform":"matrix(1, 0, 0, 1, 0, 114.056)","opacity":"1","clipPath":"none"},{"t":"wider","transform":"matrix(1, 0, 0, 1, 0, 114.056)","opacity":"1","clipPath":"none"},{"t":"world","transform":"matrix(1, 0, 0, 1, 0, 114.056)","opacity":"1","clipPath":"none"}]}
SHOT tunnel-35
TUNNEL@0.5: {"found":true,"opacity":"1","transform":"none","text":"Driftintoawiderworld","lines":[{"t":"Drift","transform":"matrix(1, 0, 0, 1, 0, 114.056)","opacity":"1","clipPath":"none"},{"t":"into","transform":"matrix(1, 0, 0, 1, 0, 114.056)","opacity":"1","clipPath":"none"},{"t":"a","transform":"matrix(1, 0, 0, 1, 0, 114.056)","opacity":"1","clipPath":"none"},{"t":"wider","transform":"matrix(1, 0, 0, 1, 0, 114.056)","opacity":"1","clipPath":"none"},{"t":"world","transform":"matrix(1, 0, 0, 1, 0, 114.056)","opacity":"1","clipPath":"none"}]}
SHOT tunnel-50
TUNNEL@0.65: {"found":true,"opacity":"1","transform":"none","text":"Driftintoawiderworld","lines":[{"t":"Drift","transform":"matrix(1, 0, 0, 1, 0, 0)","opacity":"1","clipPath":"none"},{"t":"into","transform":"matrix(1, 0, 0, 1, 0, 0)","opacity":"1","clipPath":"none"},{"t":"a","transform":"matrix(1, 0, 0, 1, 0, 0)","opacity":"1","clipPath":"none"},{"t":"wider","transform":"matrix(1, 0, 0, 1, 0, 0)","opacity":"1","clipPath":"none"},{"t":"world","transform":"matrix(1, 0, 0, 1, 0, 0)","opacity":"1","clipPath":"none"}]}
SHOT tunnel-65
TUNNEL@0.8: {"found":true,"opacity":"1","transform":"none","text":"Driftintoawiderworld","lines":[{"t":"Drift","transform":"matrix(1, 0, 0, 1, 0, 0)","opacity":"1","clipPath":"none"},{"t":"into","transform":"matrix(1, 0, 0, 1, 0, 0)","opacity":"1","clipPath":"none"},{"t":"a","transform":"matrix(1, 0, 0, 1, 0, 0)","opacity":"1","clipPath":"none"},{"t":"wider","transform":"matrix(1, 0, 0, 1, 0, 0)","opacity":"1","clipPath":"none"},{"t":"world","transform":"matrix(1, 0, 0, 1, 0, 0)","opacity":"1","clipPath":"none"}]}
SHOT tunnel-80
DEEPLINK: {"url":"/projects/meridian","detailsVisible":"block/visible","title":"Meridian","preloaderGone":true}
SHOT deeplink-meridian
BACK: {"url":"/","detailsGone":true,"scrollY":0}
SHOT after-back
FORWARD: {"url":"/projects/meridian","detailsVisible":"block/visible"}
SHOT after-forward
PROBLEMS: 
  requestfailed: http://localhost:5173/reel/desktop.mp4
  console.warning: Failed to decode downloaded font: http://localhost:5173/fonts/Aeonik-Regular.woff2
  console.warning: OTS parsing error: invalid sfntVersion: 1008821359
  console.warning: Failed to decode downloaded font: http://localhost:5173/fonts/Aeonik-Medium.woff2
  console.warning: OTS parsing error: invalid sfntVersion: 1008821359
  console.warning: [.WebGL-0x1fbc001bca00]GL Driver Message (OpenGL, Performance, GL_CLOSE_PATH_NV, High): GPU stall due to ReadPixels
  requestfailed: http://localhost:5173/reel/desktop.mp4
  console.warning: using deprecated parameters for the initialization function; pass a single object instead
  console.warning: THREE.WebGLShadowMap: PCFSoftShadowMap has been deprecated. Using PCFShadowMap instead.
  console.warning: THREE.Clock: This module has been deprecated. Please use THREE.Timer instead.
  console.warning: [.WebGL-0x1fbc04994600]GL Driver Message (OpenGL, Performance, GL_CLOSE_PATH_NV, High): GPU stall due to ReadPixels
  console.warning: [.WebGL-0x1fbc04994600]GL Driver Message (OpenGL, Performance, GL_CLOSE_PATH_NV, High): GPU stall due to ReadPixels
  console.warning: [.WebGL-0x1fbc04994600]GL Driver Message (OpenGL, Performance, GL_CLOSE_PATH_NV, High): GPU stall due to ReadPixels (this message will no longer repeat)
  console.warning: Failed to decode downloaded font: http://localhost:5173/fonts/Aeonik-Regular.woff2
  console.warning: OTS parsing error: invalid sfntVersion: 1008821359
  console.warning: Failed to decode downloaded font: http://localhost:5173/fonts/Aeonik-Medium.woff2
  console.warning: OTS parsing error: invalid sfntVersion: 1008821359
  console.warning: using deprecated parameters for the initialization function; pass a single object instead
  console.warning: THREE.WebGLShadowMap: PCFSoftShadowMap has been deprecated. Using PCFShadowMap instead.
  console.warning: THREE.Clock: This module has been deprecated. Please use THREE.Timer instead.
  requestfailed: http://localhost:5173/featured/p2.mp4
  console.warning: Failed to decode downloaded font: http://localhost:5173/fonts/Aeonik-Regular.woff2
  console.warning: OTS parsing error: invalid sfntVersion: 1008821359
  console.warning: Failed to decode downloaded font: http://localhost:5173/fonts/Aeonik-Medium.woff2
  console.warning: OTS parsing error: invalid sfntVersion: 1008821359
  console.warning: using deprecated parameters for the initialization function; pass a single object instead
  console.warning: THREE.WebGLShadowMap: PCFSoftShadowMap has been deprecated. Using PCFShadowMap instead.
  console.warning: THREE.Clock: This module has been deprecated. Please use THREE.Timer instead.
  console.warning: Failed to decode downloaded font: http://localhost:5173/fonts/Aeonik-Regular.woff2
  console.warning: OTS parsing error: invalid sfntVersion: 1008821359
  console.warning: Failed to decode downloaded font: http://localhost:5173/fonts/Aeonik-Medium.woff2
  console.warning: OTS parsing error: invalid sfntVersion: 1008821359
  console.warning: using deprecated parameters for the initialization function; pass a single object instead
  console.warning: THREE.WebGLShadowMap: PCFSoftShadowMap has been deprecated. Using PCFShadowMap instead.
  console.warning: THREE.Clock: This module has been deprecated. Please use THREE.Timer instead.
