PROBE: {
 "slugOk": true,
 "docOverflowX": 0,
 "htmlOverflowX": "visible",
 "bodyOverflowX": "visible",
 "offenders": [
  "div#project-details-items-move-container. right=6317 w=6317",
  "div#.project-details-item right=6117 w=680",
  "span#.project-details-item-label right=5792 w=319",
  "div#.project-details-item right=5337 w=1439",
  "video#.project-details-item-media right=5337 w=1439",
  "div#project-details-preview. right=3998 w=1999"
 ],
 "titleRect": {
  "l": 100,
  "r": 440,
  "b": 437
 },
 "rightColRect": {
  "l": 440,
  "t": 411
 },
 "titleOverlapsRightCol": true,
 "linkItems": [
  {
   "t": "Instagram",
   "display": "inline-block"
  },
  {
   "t": "Twitter / X",
   "display": "inline-block"
  },
  {
   "t": "LinkedIn",
   "display": "inline-block"
  },
  {
   "t": "GitHub",
   "display": "inline-block"
  },
  {
   "t": "Visit the studio",
   "display": "flex"
  }
 ]
}
BACKBTN before: {"svgOpacity":"1","svgTransform":"none","btnBg":"rgb(255, 255, 255)","inner":"\n            <span id=\"project-details-header-back-background\" aria-hidden=\"true\"></span>\n            <span id=\"header-center-project-back-btn-svg\" aria-hidden=\"true\">\n              <svg viewBox=\"0 0 16 16\" fill=\"none\"><path d=\"M14 8H3M7 3.5 2.5 8 7 12.5\" stroke=\"currentColor\" stroke-width=\"1.5\" str"}
BACKBTN hover: {"svgOpacity":"1","btnBg":"rgb(255, 255, 255)","children":["span. op=1 tx=matrix(1, 0, 0, 1, 0, 0)","span. op=1 tx=matrix(1, 0, 0, 1, -34.9825, 0)","svg.[object op=1 tx=none","path.[object op=1 tx=none","p. op=1 tx=none","span. op=1 tx=matrix(1, 0, 0, 1, -17.4912, 0)"]}
