→ http://localhost:5173/ @ 1440x900
preloader removed: true
SHOT C:\Users\mohammad\Desktop\lusior\harness\qa-shots\00-boot-hero.png
LANDMARKS: {"list":[{"id":"hero","top":0,"height":900},{"id":"reel","top":900,"height":2325},{"id":"featured","top":3225,"height":2128},{"id":"goal","top":5353,"height":5796},{"id":"end","top":11149,"height":1350},{"id":"footer","top":12499,"height":900},{"id":"scroll-nav","top":13399,"height":301}],"docHeight":13700,"lastElement":"trail-canvas"}
STOP hero-top: {"y":6,"htmlClass":"is-ready lenis lenis-scrolling lenis-smooth","bodyBg":"rgb(240, 241, 250)","barScaleX":null}
SHOT C:\Users\mohammad\Desktop\lusior\harness\qa-shots\01-hero-top.png
STOP reel-top: {"y":905,"htmlClass":"is-ready lenis lenis-scrolling lenis-smooth","bodyBg":"rgb(240, 241, 250)","barScaleX":null}
SHOT C:\Users\mohammad\Desktop\lusior\harness\qa-shots\02-reel-top.png
STOP reel-25: {"y":1262,"htmlClass":"is-ready lenis lenis-scrolling lenis-smooth","bodyBg":"rgb(240, 241, 250)","barScaleX":null}
SHOT C:\Users\mohammad\Desktop\lusior\harness\qa-shots\03-reel-25.png
STOP reel-50: {"y":1619,"htmlClass":"is-ready lenis lenis-scrolling lenis-smooth","bodyBg":"rgb(240, 241, 250)","barScaleX":null}
SHOT C:\Users\mohammad\Desktop\lusior\harness\qa-shots\04-reel-50.png
STOP reel-75: {"y":1975,"htmlClass":"is-ready lenis lenis-scrolling lenis-smooth","bodyBg":"rgb(240, 241, 250)","barScaleX":null}
SHOT C:\Users\mohammad\Desktop\lusior\harness\qa-shots\05-reel-75.png
STOP reel-92: {"y":2217,"htmlClass":"is-ready lenis lenis-scrolling lenis-smooth","bodyBg":"rgb(240, 241, 250)","barScaleX":null}
SHOT C:\Users\mohammad\Desktop\lusior\harness\qa-shots\06-reel-92.png
STOP featured-top: {"y":3230,"htmlClass":"is-ready lenis lenis-scrolling lenis-smooth","bodyBg":"rgb(240, 241, 250)","barScaleX":null}
SHOT C:\Users\mohammad\Desktop\lusior\harness\qa-shots\07-featured-top.png
STOP featured-25: {"y":3538,"htmlClass":"is-ready lenis lenis-scrolling lenis-smooth","bodyBg":"rgb(240, 241, 250)","barScaleX":null}
SHOT C:\Users\mohammad\Desktop\lusior\harness\qa-shots\08-featured-25.png
STOP featured-50: {"y":3845,"htmlClass":"is-ready lenis lenis-scrolling lenis-smooth","bodyBg":"rgb(240, 241, 250)","barScaleX":null}
SHOT C:\Users\mohammad\Desktop\lusior\harness\qa-shots\09-featured-50.png
STOP featured-75: {"y":4152,"htmlClass":"is-ready lenis lenis-scrolling lenis-smooth","bodyBg":"rgb(240, 241, 250)","barScaleX":null}
SHOT C:\Users\mohammad\Desktop\lusior\harness\qa-shots\10-featured-75.png
STOP featured-92: {"y":4361,"htmlClass":"is-ready lenis lenis-scrolling lenis-smooth","bodyBg":"rgb(240, 241, 250)","barScaleX":null}
SHOT C:\Users\mohammad\Desktop\lusior\harness\qa-shots\11-featured-92.png
STOP goal-top: {"y":5358,"htmlClass":"is-ready lenis lenis-scrolling lenis-smooth","bodyBg":"rgb(240, 241, 250)","barScaleX":null}
SHOT C:\Users\mohammad\Desktop\lusior\harness\qa-shots\12-goal-top.png
STOP goal-25: {"y":6583,"htmlClass":"is-ready lenis lenis-scrolling lenis-smooth","bodyBg":"rgb(240, 241, 250)","barScaleX":null}
SHOT C:\Users\mohammad\Desktop\lusior\harness\qa-shots\13-goal-25.png
STOP goal-50: {"y":7807,"htmlClass":"is-ready is-black-bg lenis lenis-scrolling lenis-smooth","bodyBg":"rgb(11, 12, 16)","barScaleX":null}
SHOT C:\Users\mohammad\Desktop\lusior\harness\qa-shots\14-goal-50.png
STOP goal-75: {"y":9031,"htmlClass":"is-ready is-black-bg lenis lenis-scrolling lenis-smooth","bodyBg":"rgb(11, 12, 16)","barScaleX":null}
SHOT C:\Users\mohammad\Desktop\lusior\harness\qa-shots\15-goal-75.png
STOP goal-92: {"y":9863,"htmlClass":"is-ready is-black-bg lenis lenis-scrolling lenis-smooth","bodyBg":"rgb(11, 12, 16)","barScaleX":null}
SHOT C:\Users\mohammad\Desktop\lusior\harness\qa-shots\16-goal-92.png
STOP end-top: {"y":11154,"htmlClass":"is-ready lenis lenis-scrolling lenis-smooth","bodyBg":"rgb(240, 241, 250)","barScaleX":null}
SHOT C:\Users\mohammad\Desktop\lusior\harness\qa-shots\17-end-top.png
STOP footer-top: {"y":12504,"htmlClass":"is-ready lenis lenis-scrolling lenis-smooth","bodyBg":"rgb(240, 241, 250)","barScaleX":null}
SHOT C:\Users\mohammad\Desktop\lusior\harness\qa-shots\18-footer-top.png
STOP scroll-nav-top: {"y":12800,"htmlClass":"is-ready lenis","bodyBg":"rgb(240, 241, 250)","barScaleX":null}
SHOT C:\Users\mohammad\Desktop\lusior\harness\qa-shots\19-scroll-nav-top.png
STOP bottom: {"y":12800,"htmlClass":"is-ready lenis","bodyBg":"rgb(240, 241, 250)","barScaleX":null}
SHOT C:\Users\mohammad\Desktop\lusior\harness\qa-shots\20-bottom.png
FINAL: {"y":12800,"htmlClass":"is-ready lenis","bodyBg":"rgb(240, 241, 250)","barScaleX":null}
PROBLEMS: 
  requestfailed: http://localhost:5173/reel/desktop.mp4 — net::ERR_ABORTED
  console.warning: [.WebGL-0x9cc001b8200]GL Driver Message (OpenGL, Performance, GL_CLOSE_PATH_NV, High): GPU stall due to ReadPixels
  console.warning: using deprecated parameters for the initialization function; pass a single object instead
  console.warning: [.WebGL-0x9cc02159000]GL Driver Message (OpenGL, Performance, GL_CLOSE_PATH_NV, High): GPU stall due to ReadPixels
  console.warning: [.WebGL-0x9cc02159000]GL Driver Message (OpenGL, Performance, GL_CLOSE_PATH_NV, High): GPU stall due to ReadPixels
  console.warning: [.WebGL-0x9cc02159000]GL Driver Message (OpenGL, Performance, GL_CLOSE_PATH_NV, High): GPU stall due to ReadPixels (this message will no longer repeat)
